Copyright 1986-2021 Xilinx, Inc. All Rights Reserved.
-------------------------------------------------------------------------------------------------------------------------
| Tool Version : Vivado v.2021.2 (win64) Build 3367213 Tue Oct 19 02:48:09 MDT 2021
| Date         : Sat Jun 22 10:20:12 2024
| Host         : DESKTOP-PF8MJD1 running 64-bit major release  (build 9200)
| Command      : report_utilization -file SF51_JR6101_top_utilization_synth.rpt -pb SF51_JR6101_top_utilization_synth.pb
| Design       : SF51_JR6101_top
| Device       : xc7vx690tffg1157-2
| Speed File   : -2
| Design State : Synthesized
-------------------------------------------------------------------------------------------------------------------------

Utilization Design Information

Table of Contents
-----------------
1. Slice Logic
1.1 Summary of Registers by Type
2. Memory
3. DSP
4. IO and GT Specific
5. Clocking
6. Specific Feature
7. Primitives
8. Black Boxes
9. Instantiated Netlists

1. Slice Logic
--------------

+-------------------------+------+-------+------------+-----------+-------+
|        Site Type        | Used | Fixed | Prohibited | Available | Util% |
+-------------------------+------+-------+------------+-----------+-------+
| Slice LUTs*             | 2947 |     0 |          0 |    433200 |  0.68 |
|   LUT as Logic          | 2947 |     0 |          0 |    433200 |  0.68 |
|   LUT as Memory         |    0 |     0 |          0 |    174200 |  0.00 |
| Slice Registers         | 8022 |     0 |          0 |    866400 |  0.93 |
|   Register as Flip Flop | 8019 |     0 |          0 |    866400 |  0.93 |
|   Register as Latch     |    3 |     0 |          0 |    866400 | <0.01 |
| F7 Muxes                |   70 |     0 |          0 |    216600 |  0.03 |
| F8 Muxes                |    2 |     0 |          0 |    108300 | <0.01 |
+-------------------------+------+-------+------------+-----------+-------+
* Warning! The Final LUT count, after physical optimizations and full implementation, is typically lower. Run opt_design after synthesis, if not already completed, for a more realistic count.


1.1 Summary of Registers by Type
--------------------------------

+-------+--------------+-------------+--------------+
| Total | Clock Enable | Synchronous | Asynchronous |
+-------+--------------+-------------+--------------+
| 0     |            _ |           - |            - |
| 0     |            _ |           - |          Set |
| 0     |            _ |           - |        Reset |
| 0     |            _ |         Set |            - |
| 0     |            _ |       Reset |            - |
| 0     |          Yes |           - |            - |
| 6     |          Yes |           - |          Set |
| 2063  |          Yes |           - |        Reset |
| 325   |          Yes |         Set |            - |
| 5628  |          Yes |       Reset |            - |
+-------+--------------+-------------+--------------+


2. Memory
---------

+-------------------+------+-------+------------+-----------+-------+
|     Site Type     | Used | Fixed | Prohibited | Available | Util% |
+-------------------+------+-------+------------+-----------+-------+
| Block RAM Tile    |   59 |     0 |          0 |      1470 |  4.01 |
|   RAMB36/FIFO*    |   58 |     0 |          0 |      1470 |  3.95 |
|     RAMB36E1 only |   58 |       |            |           |       |
|   RAMB18          |    2 |     0 |          0 |      2940 |  0.07 |
|     RAMB18E1 only |    2 |       |            |           |       |
+-------------------+------+-------+------------+-----------+-------+
* Note: Each Block RAM Tile only has one FIFO logic available and therefore can accommodate only one FIFO36E1 or one FIFO18E1. However, if a FIFO18E1 occupies a Block RAM Tile, that tile can still accommodate a RAMB18E1


3. DSP
------

+-----------+------+-------+------------+-----------+-------+
| Site Type | Used | Fixed | Prohibited | Available | Util% |
+-----------+------+-------+------------+-----------+-------+
| DSPs      |    0 |     0 |          0 |      3600 |  0.00 |
+-----------+------+-------+------------+-----------+-------+


4. IO and GT Specific
---------------------

+-----------------------------+------+-------+------------+-----------+-------+
|          Site Type          | Used | Fixed | Prohibited | Available | Util% |
+-----------------------------+------+-------+------------+-----------+-------+
| Bonded IOB                  |  187 |     0 |          0 |       600 | 31.17 |
| Bonded IPADs                |    0 |     0 |          0 |        62 |  0.00 |
| Bonded OPADs                |    0 |     0 |          0 |        40 |  0.00 |
| PHY_CONTROL                 |    0 |     0 |          0 |        20 |  0.00 |
| PHASER_REF                  |    0 |     0 |          0 |        20 |  0.00 |
| OUT_FIFO                    |    0 |     0 |          0 |        80 |  0.00 |
| IN_FIFO                     |    0 |     0 |          0 |        80 |  0.00 |
| IDELAYCTRL                  |    1 |     0 |          0 |        20 |  5.00 |
| IBUFDS                      |   88 |     0 |          0 |       576 | 15.28 |
| GTHE2_CHANNEL               |    0 |     0 |          0 |        20 |  0.00 |
| PHASER_OUT/PHASER_OUT_PHY   |    0 |     0 |          0 |        80 |  0.00 |
| PHASER_IN/PHASER_IN_PHY     |    0 |     0 |          0 |        80 |  0.00 |
| IDELAYE2/IDELAYE2_FINEDELAY |   84 |     0 |          0 |      1000 |  8.40 |
|   IDELAYE2 only             |   84 |     0 |            |           |       |
| ODELAYE2/ODELAYE2_FINEDELAY |    0 |     0 |          0 |      1000 |  0.00 |
| IBUFDS_GTE2                 |    0 |     0 |          0 |        10 |  0.00 |
| ILOGIC                      |   84 |     0 |          0 |       600 | 14.00 |
|   ISERDES                   |   84 |       |          0 |       600 |       |
| OLOGIC                      |    0 |     0 |          0 |       600 |  0.00 |
+-----------------------------+------+-------+------------+-----------+-------+


5. Clocking
-----------

+--------------+------+-------+------------+-----------+-------+
|   Site Type  | Used | Fixed | Prohibited | Available | Util% |
+--------------+------+-------+------------+-----------+-------+
| BUFGCTRL     |    0 |     0 |          0 |        32 |  0.00 |
| BUFIO        |    4 |     0 |          0 |        80 |  5.00 |
|   BUFIO only |    4 |     0 |            |           |       |
| MMCME2_ADV   |    0 |     0 |          0 |        20 |  0.00 |
| PLLE2_ADV    |    0 |     0 |          0 |        20 |  0.00 |
| BUFMRCE      |    0 |     0 |          0 |        40 |  0.00 |
| BUFHCE       |    0 |     0 |          0 |       240 |  0.00 |
| BUFR         |    4 |     0 |          0 |        80 |  5.00 |
+--------------+------+-------+------------+-----------+-------+


6. Specific Feature
-------------------

+-------------+------+-------+------------+-----------+-------+
|  Site Type  | Used | Fixed | Prohibited | Available | Util% |
+-------------+------+-------+------------+-----------+-------+
| BSCANE2     |    0 |     0 |          0 |         4 |  0.00 |
| CAPTUREE2   |    0 |     0 |          0 |         1 |  0.00 |
| DNA_PORT    |    0 |     0 |          0 |         1 |  0.00 |
| EFUSE_USR   |    0 |     0 |          0 |         1 |  0.00 |
| FRAME_ECCE2 |    0 |     0 |          0 |         1 |  0.00 |
| ICAPE2      |    0 |     0 |          0 |         2 |  0.00 |
| PCIE_3_0    |    0 |     0 |          0 |         3 |  0.00 |
| STARTUPE2   |    0 |     0 |          0 |         1 |  0.00 |
| XADC        |    0 |     0 |          0 |         1 |  0.00 |
+-------------+------+-------+------------+-----------+-------+


7. Primitives
-------------

+------------+------+---------------------+
|  Ref Name  | Used | Functional Category |
+------------+------+---------------------+
| FDRE       | 5628 |        Flop & Latch |
| FDCE       | 2060 |        Flop & Latch |
| LUT3       | 1086 |                 LUT |
| LUT2       |  657 |                 LUT |
| LUT1       |  551 |                 LUT |
| LUT6       |  517 |                 LUT |
| FDSE       |  325 |        Flop & Latch |
| LUT4       |  157 |                 LUT |
| LUT5       |  125 |                 LUT |
| IBUFDS     |   88 |                  IO |
| ISERDESE2  |   84 |                  IO |
| IDELAYE2   |   84 |                  IO |
| MUXF7      |   70 |               MuxFx |
| RAMB36E1   |   58 |        Block Memory |
| CARRY4     |   53 |          CarryLogic |
| OBUF       |   11 |                  IO |
| FDPE       |    6 |        Flop & Latch |
| BUFR       |    4 |               Clock |
| BUFIO      |    4 |               Clock |
| LDCE       |    3 |        Flop & Latch |
| RAMB18E1   |    2 |        Block Memory |
| MUXF8      |    2 |               MuxFx |
| IDELAYCTRL |    1 |                  IO |
+------------+------+---------------------+


8. Black Boxes
--------------

+---------------+------+
|    Ref Name   | Used |
+---------------+------+
| fifo512bit_1k |    4 |
| vio_1         |    1 |
| vio_0         |    1 |
| ila_2         |    1 |
| dbg_hub_CV    |    1 |
| clk_wiz_1     |    1 |
| clk_wiz_0     |    1 |
+---------------+------+


9. Instantiated Netlists
------------------------

+----------+------+
| Ref Name | Used |
+----------+------+


